2025-08-15 14:38:19,654 [12] INFO fourtitudeAsia.Controllers.TransactionController - Incoming SubmitTransaction request: fourtitudeAsia.Models.TransactionRequest
2025-08-15 14:40:57,609 [12] INFO fourtitudeAsia.Controllers.TransactionController - 
Incoming SubmitTransaction request: {"PartnerKey":"FAKEGOOGLE","PartnerRefNo":"FG-00001","PartnerPassword":"RkFLRVBBU1NXT1JEMTIzNA==","TotalAmount":1000,"Items":[{"PartnerItemRef":"i-00001","Name":"Pen","Qty":4,"UnitPrice":200},{"PartnerItemRef":"i-00002","Name":"Ruler","Qty":2,"UnitPrice":100}],"Timestamp":"2025-08-15T05:14:04.8398885Z","Sig":"NTU0MTk4Njc1MTkwMTE5NmU3ZmViYjZiM2E0NzFkNDdkNzJjYzU5NmU1MThlNWE5YzhmYzYxZWYzOTE3YjRlMg=="}
2025-08-15 14:41:34,139 [18] INFO fourtitudeAsia.Controllers.TransactionController - 
Incoming SubmitTransaction request: {"PartnerKey":"FAKEGOOGLE","PartnerRefNo":"FG-00001","PartnerPassword":"RkFLRVBBU1NXT1JEMTIzNA==","TotalAmount":1000,"Items":[{"PartnerItemRef":"i-00001","Name":"Pen","Qty":4,"UnitPrice":200},{"PartnerItemRef":"i-00002","Name":"Ruler","Qty":2,"UnitPrice":100}],"Timestamp":"2025-08-15T06:41:04.8398885Z","Sig":"NTU0MTk4Njc1MTkwMTE5NmU3ZmViYjZiM2E0NzFkNDdkNzJjYzU5NmU1MThlNWE5YzhmYzYxZWYzOTE3YjRlMg=="}
2025-08-15 14:41:34,139 [18] WARN fourtitudeAsia.Controllers.TransactionController - Signature mismatch. Computed: MjNkNDAwYWU4M2ZhOGFmZmJlODQ3ODVjOGQwNDkzODkxNmYzY2JmNGUxZGQxY2YzMTQxNDc4ZjExNjNkYTM4YQ==, Provided: NTU0MTk4Njc1MTkwMTE5NmU3ZmViYjZiM2E0NzFkNDdkNzJjYzU5NmU1MThlNWE5YzhmYzYxZWYzOTE3YjRlMg==
2025-08-15 14:41:51,870 [20] INFO fourtitudeAsia.Controllers.TransactionController - 
Incoming SubmitTransaction request: {"PartnerKey":"FAKEGOOGLE","PartnerRefNo":"FG-00001","PartnerPassword":"RkFLRVBBU1NXT1JEMTIzNA==","TotalAmount":1000,"Items":[{"PartnerItemRef":"i-00001","Name":"Pen","Qty":4,"UnitPrice":200},{"PartnerItemRef":"i-00002","Name":"Ruler","Qty":2,"UnitPrice":100}],"Timestamp":"2025-08-15T06:41:04.8398885Z","Sig":"MjNkNDAwYWU4M2ZhOGFmZmJlODQ3ODVjOGQwNDkzODkxNmYzY2JmNGUxZGQxY2YzMTQxNDc4ZjExNjNkYTM4YQ=="}
2025-08-15 14:41:51,872 [20] INFO fourtitudeAsia.Controllers.TransactionController - Transaction processed successfully. Response: {"Result":1,"TotalAmount":1000,"TotalDiscount":0,"FinalAmount":1000,"ResultMessage":null}
2025-08-15 14:44:59,678 [19] INFO fourtitudeAsia.Controllers.TransactionController - 
Incoming SubmitTransaction request: {"PartnerKey":"","PartnerRefNo":"FG-00001","PartnerPassword":"RkFLRVBBU1NXT1JEMTIzNA==","TotalAmount":1000,"Items":[{"PartnerItemRef":"i-00001","Name":"Pen","Qty":4,"UnitPrice":200},{"PartnerItemRef":"i-00002","Name":"Ruler","Qty":2,"UnitPrice":100}],"Timestamp":"2025-08-15T06:41:04.8398885Z","Sig":"MjNkNDAwYWU4M2ZhOGFmZmJlODQ3ODVjOGQwNDkzODkxNmYzY2JmNGUxZGQxY2YzMTQxNDc4ZjExNjNkYTM4YQ=="}
2025-08-15 15:13:03,590 [8] INFO fourtitudeAsia.Controllers.TransactionController - 
Incoming SubmitTransaction request: {"PartnerKey":"FAKEGOOGLE","PartnerRefNo":"FG-00001","PartnerPassword":"RkFLRVBBU1NXT1JEMTIzNA==","TotalAmount":1000,"Items":[{"PartnerItemRef":"i-00001","Name":"Pen","Qty":4,"UnitPrice":200},{"PartnerItemRef":"i-00002","Name":"Ruler","Qty":2,"UnitPrice":100}],"Timestamp":"2025-08-15T05:14:04.8398885Z","Sig":"NTU0MTk4Njc1MTkwMTE5NmU3ZmViYjZiM2E0NzFkNDdkNzJjYzU5NmU1MThlNWE5YzhmYzYxZWYzOTE3YjRlMg=="}
2025-08-15 15:13:11,404 [5] INFO fourtitudeAsia.Controllers.TransactionController - 
Incoming SubmitTransaction request: {"PartnerKey":"FAKEGOOGLE","PartnerRefNo":"FG-00001","PartnerPassword":"RkFLRVBBU1NXT1JEMTIzNA==","TotalAmount":1000,"Items":[{"PartnerItemRef":"i-00001","Name":"Pen","Qty":4,"UnitPrice":200},{"PartnerItemRef":"i-00002","Name":"Ruler","Qty":2,"UnitPrice":100}],"Timestamp":"","Sig":"NTU0MTk4Njc1MTkwMTE5NmU3ZmViYjZiM2E0NzFkNDdkNzJjYzU5NmU1MThlNWE5YzhmYzYxZWYzOTE3YjRlMg=="}
2025-08-15 15:13:11,406 [5] WARN fourtitudeAsia.Controllers.TransactionController - Missing required fields: Timestamp
2025-08-15 15:14:16,091 [3] INFO fourtitudeAsia.Controllers.TransactionController - 
Incoming SubmitTransaction request: {"PartnerKey":"FAKEGOOGLE","PartnerRefNo":"FG-00001","PartnerPassword":"RkFLRVBBU1NXT1JEMTIzNA==","TotalAmount":1000,"Items":[{"PartnerItemRef":"i-00001","Name":"Pen","Qty":4,"UnitPrice":200},{"PartnerItemRef":"i-00002","Name":"Ruler","Qty":2,"UnitPrice":100}],"Timestamp":"2025-08-15T05:14:04.8398885Z","Sig":"NTU0MTk4Njc1MTkwMTE5NmU3ZmViYjZiM2E0NzFkNDdkNzJjYzU5NmU1MThlNWE5YzhmYzYxZWYzOTE3YjRlMg=="}
2025-08-15 15:16:17,848 [9] INFO fourtitudeAsia.Controllers.TransactionController - 
Incoming SubmitTransaction request: {"PartnerKey":"FAKEGOOGLE","PartnerRefNo":"FG-00001","PartnerPassword":"RkFLRVBBU1NXT1JEMTIzNA==","TotalAmount":1000,"Items":[{"PartnerItemRef":"i-00001","Name":"Pen","Qty":4,"UnitPrice":200},{"PartnerItemRef":"i-00002","Name":"Ruler","Qty":2,"UnitPrice":100}],"Timestamp":"2025-08-15T05:14:04.8398885Z","Sig":"NTU0MTk4Njc1MTkwMTE5NmU3ZmViYjZiM2E0NzFkNDdkNzJjYzU5NmU1MThlNWE5YzhmYzYxZWYzOTE3YjRlMg=="}
2025-08-15 15:16:17,867 [9] WARN fourtitudeAsia.Controllers.TransactionController - Timestamp validation failed. Server UTC Time: 2025-08-15T07:16:17.8653007Z, Provided Time: 2025-08-15T05:14:04.8398885Z, Allowed Range: ±5 minutes.
2025-08-15 15:16:57,293 [17] INFO fourtitudeAsia.Controllers.TransactionController - 
Incoming SubmitTransaction request: {"PartnerKey":"FAKEGOOGLE","PartnerRefNo":"FG-00001","PartnerPassword":"RkFLRVBBU1NXT1JEMTIzNA==","TotalAmount":1000,"Items":[{"PartnerItemRef":"i-00001","Name":"Pen","Qty":4,"UnitPrice":200},{"PartnerItemRef":"i-00002","Name":"Ruler","Qty":2,"UnitPrice":100}],"Timestamp":"2025-08-15T07:14:04.8398885Z","Sig":"NTU0MTk4Njc1MTkwMTE5NmU3ZmViYjZiM2E0NzFkNDdkNzJjYzU5NmU1MThlNWE5YzhmYzYxZWYzOTE3YjRlMg=="}
2025-08-15 15:16:57,294 [17] WARN fourtitudeAsia.Controllers.TransactionController - Signature mismatch. Computed: ZjNmNmZhNjU2NzlkMTIwMGJiMWYyZTVlYzVkN2NiZTI0NjY1OTYxMzVjNjA0M2Y1ZTI4OWNkMzdlYWZiYjkwMQ==, Provided: NTU0MTk4Njc1MTkwMTE5NmU3ZmViYjZiM2E0NzFkNDdkNzJjYzU5NmU1MThlNWE5YzhmYzYxZWYzOTE3YjRlMg==
2025-08-15 15:17:17,932 [16] INFO fourtitudeAsia.Controllers.TransactionController - 
Incoming SubmitTransaction request: {"PartnerKey":"FAKEGOOGLE","PartnerRefNo":"FG-00001","PartnerPassword":"RkFLRVBBU1NXT1JEMTIzNA==","TotalAmount":1000,"Items":[{"PartnerItemRef":"i-00001","Name":"Pen","Qty":4,"UnitPrice":200},{"PartnerItemRef":"i-00002","Name":"Ruler","Qty":2,"UnitPrice":100}],"Timestamp":"2025-08-15T07:14:04.8398885Z","Sig":"ZjNmNmZhNjU2NzlkMTIwMGJiMWYyZTVlYzVkN2NiZTI0NjY1OTYxMzVjNjA0M2Y1ZTI4OWNkMzdlYWZiYjkwMQ==,"}
2025-08-15 15:17:17,933 [16] WARN fourtitudeAsia.Controllers.TransactionController - Signature mismatch. Computed: ZjNmNmZhNjU2NzlkMTIwMGJiMWYyZTVlYzVkN2NiZTI0NjY1OTYxMzVjNjA0M2Y1ZTI4OWNkMzdlYWZiYjkwMQ==, Provided: ZjNmNmZhNjU2NzlkMTIwMGJiMWYyZTVlYzVkN2NiZTI0NjY1OTYxMzVjNjA0M2Y1ZTI4OWNkMzdlYWZiYjkwMQ==,
2025-08-15 15:17:30,903 [18] INFO fourtitudeAsia.Controllers.TransactionController - 
Incoming SubmitTransaction request: {"PartnerKey":"FAKEGOOGLE","PartnerRefNo":"FG-00001","PartnerPassword":"RkFLRVBBU1NXT1JEMTIzNA==","TotalAmount":1000,"Items":[{"PartnerItemRef":"i-00001","Name":"Pen","Qty":4,"UnitPrice":200},{"PartnerItemRef":"i-00002","Name":"Ruler","Qty":2,"UnitPrice":100}],"Timestamp":"2025-08-15T07:14:04.8398885Z","Sig":"ZjNmNmZhNjU2NzlkMTIwMGJiMWYyZTVlYzVkN2NiZTI0NjY1OTYxMzVjNjA0M2Y1ZTI4OWNkMzdlYWZiYjkwMQ==,"}
2025-08-15 15:17:30,903 [18] WARN fourtitudeAsia.Controllers.TransactionController - Signature mismatch. Computed: ZjNmNmZhNjU2NzlkMTIwMGJiMWYyZTVlYzVkN2NiZTI0NjY1OTYxMzVjNjA0M2Y1ZTI4OWNkMzdlYWZiYjkwMQ==, Provided: ZjNmNmZhNjU2NzlkMTIwMGJiMWYyZTVlYzVkN2NiZTI0NjY1OTYxMzVjNjA0M2Y1ZTI4OWNkMzdlYWZiYjkwMQ==,
2025-08-15 15:17:37,741 [19] INFO fourtitudeAsia.Controllers.TransactionController - 
Incoming SubmitTransaction request: {"PartnerKey":"FAKEGOOGLE","PartnerRefNo":"FG-00001","PartnerPassword":"RkFLRVBBU1NXT1JEMTIzNA==","TotalAmount":1000,"Items":[{"PartnerItemRef":"i-00001","Name":"Pen","Qty":4,"UnitPrice":200},{"PartnerItemRef":"i-00002","Name":"Ruler","Qty":2,"UnitPrice":100}],"Timestamp":"2025-08-15T07:14:04.8398885Z","Sig":"ZjNmNmZhNjU2NzlkMTIwMGJiMWYyZTVlYzVkN2NiZTI0NjY1OTYxMzVjNjA0M2Y1ZTI4OWNkMzdlYWZiYjkwMQ=="}
2025-08-15 15:17:37,749 [19] INFO fourtitudeAsia.Controllers.TransactionController - Transaction processed successfully. Response: {"Result":1,"TotalAmount":1000,"TotalDiscount":0,"FinalAmount":1000,"ResultMessage":null}
2025-08-15 15:17:49,949 [16] INFO fourtitudeAsia.Controllers.TransactionController - 
Incoming SubmitTransaction request: {"PartnerKey":"FAKEGOOGLE","PartnerRefNo":"FG-00001","PartnerPassword":"RkFLRVBBU1NXT1JEMTIzNA==","TotalAmount":1000,"Items":[{"PartnerItemRef":"i-00001","Name":"Pen","Qty":4,"UnitPrice":200},{"PartnerItemRef":"i-00002","Name":"Ruler","Qty":2,"UnitPrice":100}],"Timestamp":"2025-08-15T07:14:04.8398885Z","Sig":"ZjNmNmZhNjU2NzlkMTIwMGJiMWYyZTVlYzVkN2NiZTI0NjY1OTYxMzVjNjA0M2Y1asdZTI4OWNkMzdlYWZiYjkwMQ=="}
2025-08-15 15:17:49,950 [16] WARN fourtitudeAsia.Controllers.TransactionController - Signature mismatch. Computed: ZjNmNmZhNjU2NzlkMTIwMGJiMWYyZTVlYzVkN2NiZTI0NjY1OTYxMzVjNjA0M2Y1ZTI4OWNkMzdlYWZiYjkwMQ==, Provided: ZjNmNmZhNjU2NzlkMTIwMGJiMWYyZTVlYzVkN2NiZTI0NjY1OTYxMzVjNjA0M2Y1asdZTI4OWNkMzdlYWZiYjkwMQ==
2025-08-15 15:17:54,640 [18] INFO fourtitudeAsia.Controllers.TransactionController - 
Incoming SubmitTransaction request: {"PartnerKey":"FAKEGOOGLE","PartnerRefNo":"FG-00001","PartnerPassword":"RkFLRVBBU1NXT1JEMTIzNA==","TotalAmount":1000,"Items":[{"PartnerItemRef":"i-00001","Name":"Pen","Qty":4,"UnitPrice":200},{"PartnerItemRef":"i-00002","Name":"Ruler","Qty":2,"UnitPrice":100}],"Timestamp":"2025-08-15T07:14:04.8398885Z","Sig":"ZjNmNmZhNjU2NzlkMTIwMGJiMWYyZTVlYzVkN2NiZTI0NjY1OTYxMzVjNjA0M2Y1asdZTI4OWNkMzdlYWZiYjkwMQ=="}
2025-08-15 15:17:54,641 [18] WARN fourtitudeAsia.Controllers.TransactionController - Signature mismatch. Computed: ZjNmNmZhNjU2NzlkMTIwMGJiMWYyZTVlYzVkN2NiZTI0NjY1OTYxMzVjNjA0M2Y1ZTI4OWNkMzdlYWZiYjkwMQ==, Provided: ZjNmNmZhNjU2NzlkMTIwMGJiMWYyZTVlYzVkN2NiZTI0NjY1OTYxMzVjNjA0M2Y1asdZTI4OWNkMzdlYWZiYjkwMQ==
2025-08-15 15:18:02,574 [18] INFO fourtitudeAsia.Controllers.TransactionController - 
Incoming SubmitTransaction request: {"PartnerKey":"FAKEGOOGLE","PartnerRefNo":"FG-00001","PartnerPassword":"RkFLRVBBU1NXT1JEMTIzNA==","TotalAmount":1000,"Items":[{"PartnerItemRef":"i-00001","Name":"Pen","Qty":4,"UnitPrice":200},{"PartnerItemRef":"i-00002","Name":"Ruler","Qty":2,"UnitPrice":100}],"Timestamp":"2025-08-15T07:14:04.8398885Z","Sig":"ZjNmNmZhNjU2NzlkMTIwMGJiMWYyZTVlYzVkN2NiZTI0NjY1OTYxMzVjNjA0M2Y1asdZTI4OWNkMzdlYWZiYjkwMQ=="}
2025-08-15 15:18:02,603 [18] WARN fourtitudeAsia.Controllers.TransactionController - Signature mismatch. Computed: ZjNmNmZhNjU2NzlkMTIwMGJiMWYyZTVlYzVkN2NiZTI0NjY1OTYxMzVjNjA0M2Y1ZTI4OWNkMzdlYWZiYjkwMQ==, Provided: ZjNmNmZhNjU2NzlkMTIwMGJiMWYyZTVlYzVkN2NiZTI0NjY1OTYxMzVjNjA0M2Y1asdZTI4OWNkMzdlYWZiYjkwMQ==
2025-08-15 15:18:06,525 [16] INFO fourtitudeAsia.Controllers.TransactionController - 
Incoming SubmitTransaction request: {"PartnerKey":"FAKEGOOGLE","PartnerRefNo":"FG-00001","PartnerPassword":"RkFLRVBBU1NXT1JEMTIzNA==","TotalAmount":1000,"Items":[{"PartnerItemRef":"i-00001","Name":"Pen","Qty":4,"UnitPrice":200},{"PartnerItemRef":"i-00002","Name":"Ruler","Qty":2,"UnitPrice":100}],"Timestamp":"2025-08-15T07:14:04.8398885Z","Sig":"ZjNmNmZhNjU2NzlkMTIwMGJiMWYyZTVlYzVkN2NiZTI0NjY1OTYxMzVjNjA0M2Y1asdZTI4OWNkMzdlYWZiYjkwMQ=="}
2025-08-15 15:18:06,525 [16] WARN fourtitudeAsia.Controllers.TransactionController - Signature mismatch. Computed: ZjNmNmZhNjU2NzlkMTIwMGJiMWYyZTVlYzVkN2NiZTI0NjY1OTYxMzVjNjA0M2Y1ZTI4OWNkMzdlYWZiYjkwMQ==, Provided: ZjNmNmZhNjU2NzlkMTIwMGJiMWYyZTVlYzVkN2NiZTI0NjY1OTYxMzVjNjA0M2Y1asdZTI4OWNkMzdlYWZiYjkwMQ==
2025-08-15 15:27:39,578 [5] INFO fourtitudeAsia.Controllers.TransactionController - 
Incoming SubmitTransaction request: {"PartnerKey":"FAKEGOOGLE","PartnerRefNo":"FG-00001","PartnerPassword":"fKgY2QcxR2dtAVdKA28o2dEvErqFfQCILoNzhKq0bWY=","TotalAmount":1000,"Items":[{"PartnerItemRef":"i-00001","Name":"Pen","Qty":4,"UnitPrice":200},{"PartnerItemRef":"i-00002","Name":"Ruler","Qty":2,"UnitPrice":100}],"Timestamp":"2025-08-15T05:14:04.8398885Z","Sig":"NTU0MTk4Njc1MTkwMTE5NmU3ZmViYjZiM2E0NzFkNDdkNzJjYzU5NmU1MThlNWE5YzhmYzYxZWYzOTE3YjRlMg=="}
2025-08-15 15:27:39,584 [5] WARN fourtitudeAsia.Controllers.TransactionController - Password mismatch for PartnerRefNo: FG-00001
2025-08-15 15:29:01,883 [14] INFO fourtitudeAsia.Controllers.TransactionController - 
Incoming SubmitTransaction request: {"PartnerKey":"FAKEGOOGLE","PartnerRefNo":"FG-00001","PartnerPassword":"fKgY2QcxR2dtAVdKA28o2dEvErqFfQCILoNzhKq0bWY=","TotalAmount":1000,"Items":[{"PartnerItemRef":"i-00001","Name":"Pen","Qty":4,"UnitPrice":200},{"PartnerItemRef":"i-00002","Name":"Ruler","Qty":2,"UnitPrice":100}],"Timestamp":"2025-08-15T08:28:04.8398885Z","Sig":"NTU0MTk4Njc1MTkwMTE5NmU3ZmViYjZiM2E0NzFkNDdkNzJjYzU5NmU1MThlNWE5YzhmYzYxZWYzOTE3YjRlMg=="}
2025-08-15 15:29:01,900 [14] WARN fourtitudeAsia.Controllers.TransactionController - Signature mismatch. Computed: ZDVlNzE4ZDM5ODFkYTM5NjljMzZlNWU3M2I4Y2U1ZmE5YmZjOWRiNzEwMjgzYjNhODg2ZTk2MDQwYjNmMDZkMA==, Provided: NTU0MTk4Njc1MTkwMTE5NmU3ZmViYjZiM2E0NzFkNDdkNzJjYzU5NmU1MThlNWE5YzhmYzYxZWYzOTE3YjRlMg==
2025-08-15 15:29:19,747 [14] INFO fourtitudeAsia.Controllers.TransactionController - 
Incoming SubmitTransaction request: {"PartnerKey":"FAKEGOOGLE","PartnerRefNo":"FG-00001","PartnerPassword":"fKgY2QcxR2dtAVdKA28o2dEvErqFfQCILoNzhKq0bWY=","TotalAmount":1000,"Items":[{"PartnerItemRef":"i-00001","Name":"Pen","Qty":4,"UnitPrice":200},{"PartnerItemRef":"i-00002","Name":"Ruler","Qty":2,"UnitPrice":100}],"Timestamp":"2025-08-15T08:28:04.8398885Z","Sig":"ZDVlNzE4ZDM5ODFkYTM5NjljMzZlNWU3M2I4Y2U1ZmE5YmZjOWRiNzEwMjgzYjNhODg2ZTk2MDQwYjNmMDZkMA=="}
2025-08-15 15:29:19,749 [14] WARN fourtitudeAsia.Controllers.TransactionController - Timestamp validation failed. Server UTC Time: 2025-08-15T07:29:19.7479239Z, Provided Time: 2025-08-15T08:28:04.8398885Z, Allowed Range: ±5 minutes.
2025-08-15 15:29:25,280 [9] INFO fourtitudeAsia.Controllers.TransactionController - 
Incoming SubmitTransaction request: {"PartnerKey":"FAKEGOOGLE","PartnerRefNo":"FG-00001","PartnerPassword":"fKgY2QcxR2dtAVdKA28o2dEvErqFfQCILoNzhKq0bWY=","TotalAmount":1000,"Items":[{"PartnerItemRef":"i-00001","Name":"Pen","Qty":4,"UnitPrice":200},{"PartnerItemRef":"i-00002","Name":"Ruler","Qty":2,"UnitPrice":100}],"Timestamp":"2025-08-15T07:28:04.8398885Z","Sig":"ZDVlNzE4ZDM5ODFkYTM5NjljMzZlNWU3M2I4Y2U1ZmE5YmZjOWRiNzEwMjgzYjNhODg2ZTk2MDQwYjNmMDZkMA=="}
2025-08-15 15:29:25,281 [9] WARN fourtitudeAsia.Controllers.TransactionController - Signature mismatch. Computed: NzI1MzQ5ODUyZTdhMzQ1MjRmNzgyMDU4ZWExODYxMDU0NzYxNTJkMWE4Y2RjZjk3ZmNmZDVkMzVmZDZhM2YyMQ==, Provided: ZDVlNzE4ZDM5ODFkYTM5NjljMzZlNWU3M2I4Y2U1ZmE5YmZjOWRiNzEwMjgzYjNhODg2ZTk2MDQwYjNmMDZkMA==
2025-08-15 15:29:42,242 [14] INFO fourtitudeAsia.Controllers.TransactionController - 
Incoming SubmitTransaction request: {"PartnerKey":"FAKEGOOGLE","PartnerRefNo":"FG-00001","PartnerPassword":"fKgY2QcxR2dtAVdKA28o2dEvErqFfQCILoNzhKq0bWY=","TotalAmount":1000,"Items":[{"PartnerItemRef":"i-00001","Name":"Pen","Qty":4,"UnitPrice":200},{"PartnerItemRef":"i-00002","Name":"Ruler","Qty":2,"UnitPrice":100}],"Timestamp":"2025-08-15T07:28:04.8398885Z","Sig":"NzI1MzQ5ODUyZTdhMzQ1MjRmNzgyMDU4ZWExODYxMDU0NzYxNTJkMWE4Y2RjZjk3ZmNmZDVkMzVmZDZhM2YyMQ=="}
2025-08-15 15:29:42,245 [14] INFO fourtitudeAsia.Controllers.TransactionController - Transaction processed successfully. Response: {"Result":1,"TotalAmount":1000,"TotalDiscount":0,"FinalAmount":1000,"ResultMessage":null}
2025-08-15 15:31:06,586 [18] INFO fourtitudeAsia.Controllers.TransactionController - 
Incoming SubmitTransaction request: {"PartnerKey":"FAKEGOOGLE","PartnerRefNo":"FG-00001","PartnerPassword":"fKgY2QcxR2dtAVdKA28o2dEvErqFfQCILoNzhKq0bWY=","TotalAmount":1000,"Items":[{"PartnerItemRef":"i-00001","Name":"Pen","Qty":4,"UnitPrice":200},{"PartnerItemRef":"i-00002","Name":"Ruler","Qty":2,"UnitPrice":100}],"Timestamp":"2025-08-15T07:28:04.8398885Z","Sig":"NzI1MzQ5ODUyZTdhMzQ1MjRmNzgyMDU4ZWExODYxMDU0NzYxNTJkMWE4Y2RjZjk3ZmNmZDVkMzVmZDZhM2YyMQ=="}
2025-08-15 15:31:06,587 [18] INFO fourtitudeAsia.Controllers.TransactionController - Transaction processed successfully. Response: {"Result":1,"TotalAmount":1000,"TotalDiscount":0,"FinalAmount":1000,"ResultMessage":null}
2025-08-15 21:10:10,103 [16] INFO fourtitudeAsia.Controllers.TransactionController - 
Incoming SubmitTransaction request: {"PartnerKey":"FAKEGOOGLE","PartnerRefNo":"FG-00001","PartnerPassword":"fKgY2QcxR2dtAVdKA28o2dEvErqFfQCILoNzhKq0bWY=","TotalAmount":1000,"Items":[{"PartnerItemRef":"i-00001","Name":"Pen","Qty":4,"UnitPrice":200},{"PartnerItemRef":"i-00002","Name":"Ruler","Qty":2,"UnitPrice":100}],"Timestamp":"2025-08-15T02:11:22.0000000Z","Sig":"NjQ2YWRlMmE4ZjljMzdiNTQzNDliYWQ2MWRiMjg4NDZkMGEwYjI2NGQzZjU5NDdhZjE2YjA2ZDI5MDkyMGRmNA=="}
2025-08-15 21:10:10,169 [16] WARN fourtitudeAsia.Controllers.TransactionController - Timestamp validation failed. Server UTC Time: 2025-08-15T13:10:10.1672547Z, Provided Time: 2025-08-15T02:11:22.0000000Z, Allowed Range: ±5 minutes.
2025-08-15 21:12:18,367 [8] INFO fourtitudeAsia.Controllers.TransactionController - 
Incoming SubmitTransaction request: {"PartnerKey":"FAKEGOOGLE","PartnerRefNo":"FG-00001","PartnerPassword":"fKgY2QcxR2dtAVdKA28o2dEvErqFfQCILoNzhKq0bWY=","TotalAmount":1000,"Items":[{"PartnerItemRef":"i-00001","Name":"Pen","Qty":4,"UnitPrice":200},{"PartnerItemRef":"i-00002","Name":"Ruler","Qty":2,"UnitPrice":100}],"Timestamp":"2025-08-15T02:11:22.0000000Z","Sig":"NjQ2YWRlMmE4ZjljMzdiNTQzNDliYWQ2MWRiMjg4NDZkMGEwYjI2NGQzZjU5NDdhZjE2YjA2ZDI5MDkyMGRmNA=="}
2025-08-15 21:12:18,367 [8] WARN fourtitudeAsia.Controllers.TransactionController - Timestamp validation failed. Server UTC Time: 2025-08-15T13:12:18.3673863Z, Provided Time: 2025-08-15T02:11:22.0000000Z, Allowed Range: ±5 minutes.
2025-08-15 21:12:35,323 [9] INFO fourtitudeAsia.Controllers.TransactionController - 
Incoming SubmitTransaction request: {"PartnerKey":"FAKEGOOGLE","PartnerRefNo":"FG-00001","PartnerPassword":"fKgY2QcxR2dtAVdKA28o2dEvErqFfQCILoNzhKq0bWY=","TotalAmount":1000,"Items":[{"PartnerItemRef":"i-00001","Name":"Pen","Qty":4,"UnitPrice":200},{"PartnerItemRef":"i-00002","Name":"Ruler","Qty":2,"UnitPrice":100}],"Timestamp":"2025-08-15T02:11:22.0000000Z","Sig":"NjQ2YWRlMmE4ZjljMzdiNTQzNDliYWQ2MWRiMjg4NDZkMGEwYjI2NGQzZjU5NDdhZjE2YjA2ZDI5MDkyMGRmNA=="}
2025-08-15 21:12:35,323 [9] WARN fourtitudeAsia.Controllers.TransactionController - Timestamp validation failed. Server UTC Time: 2025-08-15T13:12:35.3236617Z, Provided Time: 2025-08-15T02:11:22.0000000Z, Allowed Range: ±5 minutes.
2025-08-15 20:30:46,846 [3] INFO fourtitudeAsia.Controllers.TransactionController - 
Incoming SubmitTransaction request: {"PartnerKey":"FAKEGOOGLE","PartnerRefNo":"FG-00001","PartnerPassword":"fKgY2QcxR2dtAVdKA28o2dEvErqFfQCILoNzhKq0bWY=","TotalAmount":1000,"Items":[{"PartnerItemRef":"i-00001","Name":"Pen","Qty":4,"UnitPrice":200},{"PartnerItemRef":"i-00002","Name":"Ruler","Qty":2,"UnitPrice":100}],"Timestamp":"2025-08-15T02:11:22.0000000Z","Sig":"NjQ2YWRlMmE4ZjljMzdiNTQzNDliYWQ2MWRiMjg4NDZkMGEwYjI2NGQzZjU5NDdhZjE2YjA2ZDI5MDkyMGRmNA=="}
2025-08-15 20:30:46,860 [3] WARN fourtitudeAsia.Controllers.TransactionController - Signature mismatch. Computed: OGQ0Nzc4OThlY2E4ZDU4YTc3YjNkM2Y4YjE2YzJkMjk5NGFiOGY1NDhjNThkOGZjODljNzQ3ZDBmMzVjM2M1MQ==, Provided: NjQ2YWRlMmE4ZjljMzdiNTQzNDliYWQ2MWRiMjg4NDZkMGEwYjI2NGQzZjU5NDdhZjE2YjA2ZDI5MDkyMGRmNA==
2025-08-15 20:32:13,646 [3] INFO fourtitudeAsia.Controllers.TransactionController - 
Incoming SubmitTransaction request: {"PartnerKey":"FAKEGOOGLE","PartnerRefNo":"FG-00001","PartnerPassword":"fKgY2QcxR2dtAVdKA28o2dEvErqFfQCILoNzhKq0bWY=","TotalAmount":1000,"Items":[{"PartnerItemRef":"i-00001","Name":"Pen","Qty":4,"UnitPrice":200},{"PartnerItemRef":"i-00002","Name":"Ruler","Qty":2,"UnitPrice":100}],"Timestamp":"2025-08-15T02:11:22.0000000Z","Sig":"NjQ2YWRlMmE4ZjljMzdiNTQzNDliYWQ2MWRiMjg4NDZkMGEwYjI2NGQzZjU5NDdhZjE2YjA2ZDI5MDkyMGRmNA=="}
2025-08-15 20:32:13,647 [3] WARN fourtitudeAsia.Controllers.TransactionController - Signature mismatch. Computed: OGQ0Nzc4OThlY2E4ZDU4YTc3YjNkM2Y4YjE2YzJkMjk5NGFiOGY1NDhjNThkOGZjODljNzQ3ZDBmMzVjM2M1MQ==, Provided: NjQ2YWRlMmE4ZjljMzdiNTQzNDliYWQ2MWRiMjg4NDZkMGEwYjI2NGQzZjU5NDdhZjE2YjA2ZDI5MDkyMGRmNA==
2025-08-15 20:32:28,796 [26] INFO fourtitudeAsia.Controllers.TransactionController - 
Incoming SubmitTransaction request: {"PartnerKey":"FAKEGOOGLE","PartnerRefNo":"FG-00001","PartnerPassword":"fKgY2QcxR2dtAVdKA28o2dEvErqFfQCILoNzhKq0bWY=","TotalAmount":1000,"Items":[{"PartnerItemRef":"i-00001","Name":"Pen","Qty":4,"UnitPrice":200},{"PartnerItemRef":"i-00002","Name":"Ruler","Qty":2,"UnitPrice":100}],"Timestamp":"","Sig":"NjQ2YWRlMmE4ZjljMzdiNTQzNDliYWQ2MWRiMjg4NDZkMGEwYjI2NGQzZjU5NDdhZjE2YjA2ZDI5MDkyMGRmNA=="}
2025-08-15 20:32:28,797 [26] WARN fourtitudeAsia.Controllers.TransactionController - Missing required fields: Timestamp
2025-08-15 20:32:33,414 [26] INFO fourtitudeAsia.Controllers.TransactionController - 
Incoming SubmitTransaction request: {"PartnerKey":"FAKEGOOGLE","PartnerRefNo":"FG-00001","PartnerPassword":"fKgY2QcxR2dtAVdKA28o2dEvErqFfQCILoNzhKq0bWY=","TotalAmount":1000,"Items":[{"PartnerItemRef":"i-00001","Name":"Pen","Qty":4,"UnitPrice":200},{"PartnerItemRef":"i-00002","Name":"Ruler","Qty":2,"UnitPrice":100}],"Timestamp":"2025-08-15T02:11:22.0000000Z","Sig":"NjQ2YWRlMmE4ZjljMzdiNTQzNDliYWQ2MWRiMjg4NDZkMGEwYjI2NGQzZjU5NDdhZjE2YjA2ZDI5MDkyMGRmNA=="}
2025-08-15 20:32:33,416 [26] WARN fourtitudeAsia.Controllers.TransactionController - Signature mismatch. Computed: OGQ0Nzc4OThlY2E4ZDU4YTc3YjNkM2Y4YjE2YzJkMjk5NGFiOGY1NDhjNThkOGZjODljNzQ3ZDBmMzVjM2M1MQ==, Provided: NjQ2YWRlMmE4ZjljMzdiNTQzNDliYWQ2MWRiMjg4NDZkMGEwYjI2NGQzZjU5NDdhZjE2YjA2ZDI5MDkyMGRmNA==
2025-08-15 20:32:56,245 [26] INFO fourtitudeAsia.Controllers.TransactionController - 
Incoming SubmitTransaction request: {"PartnerKey":"FAKEGOOGLE","PartnerRefNo":"FG-00001","PartnerPassword":"fKgY2QcxR2dtAVdKA28o2dEvErqFfQCILoNzhKq0bWY=","TotalAmount":1000,"Items":[{"PartnerItemRef":"i-00001","Name":"Pen","Qty":4,"UnitPrice":200},{"PartnerItemRef":"i-00002","Name":"Ruler","Qty":2,"UnitPrice":100}],"Timestamp":"2025-08-15T02:11:22.0000000Z","Sig":"OGQ0Nzc4OThlY2E4ZDU4YTc3YjNkM2Y4YjE2YzJkMjk5NGFiOGY1NDhjNThkOGZjODljNzQ3ZDBmMzVjM2M1MQ=="}
2025-08-15 20:32:56,266 [26] WARN fourtitudeAsia.Controllers.TransactionController - Timestamp validation failed. Server UTC Time: 2025-08-15T20:32:56.2477246Z, Provided Time: 2025-08-15T02:11:22.0000000Z, Allowed Range: ±5 minutes.
2025-08-15 20:33:30,185 [27] INFO fourtitudeAsia.Controllers.TransactionController - 
Incoming SubmitTransaction request: {"PartnerKey":"FAKEGOOGLE","PartnerRefNo":"FG-00001","PartnerPassword":"fKgY2QcxR2dtAVdKA28o2dEvErqFfQCILoNzhKq0bWY=","TotalAmount":1000,"Items":[{"PartnerItemRef":"i-00001","Name":"Pen","Qty":4,"UnitPrice":200},{"PartnerItemRef":"i-00002","Name":"Ruler","Qty":2,"UnitPrice":100}],"Timestamp":"2025-08-15T20:30:22.0000000Z","Sig":"OGQ0Nzc4OThlY2E4ZDU4YTc3YjNkM2Y4YjE2YzJkMjk5NGFiOGY1NDhjNThkOGZjODljNzQ3ZDBmMzVjM2M1MQ=="}
2025-08-15 20:33:30,188 [27] WARN fourtitudeAsia.Controllers.TransactionController - Signature mismatch. Computed: YmYzZTRlMDcyZGQwNzk2NjM4OTg2NmJmNzczMWUwMmRiNjdjNGY1NTZkZDRkMzEzNjUxZmFkMWMzZDNjNTBmMg==, Provided: OGQ0Nzc4OThlY2E4ZDU4YTc3YjNkM2Y4YjE2YzJkMjk5NGFiOGY1NDhjNThkOGZjODljNzQ3ZDBmMzVjM2M1MQ==
2025-08-15 20:33:48,253 [25] INFO fourtitudeAsia.Controllers.TransactionController - 
Incoming SubmitTransaction request: {"PartnerKey":"FAKEGOOGLE","PartnerRefNo":"FG-00001","PartnerPassword":"fKgY2QcxR2dtAVdKA28o2dEvErqFfQCILoNzhKq0bWY=","TotalAmount":1000,"Items":[{"PartnerItemRef":"i-00001","Name":"Pen","Qty":4,"UnitPrice":200},{"PartnerItemRef":"i-00002","Name":"Ruler","Qty":2,"UnitPrice":100}],"Timestamp":"2025-08-15T20:30:22.0000000Z","Sig":"YmYzZTRlMDcyZGQwNzk2NjM4OTg2NmJmNzczMWUwMmRiNjdjNGY1NTZkZDRkMzEzNjUxZmFkMWMzZDNjNTBmMg=="}
2025-08-15 20:33:48,257 [25] INFO fourtitudeAsia.Controllers.TransactionController - Transaction processed successfully. Response: {"Result":1,"TotalAmount":1000,"TotalDiscount":0,"FinalAmount":1000,"ResultMessage":null}
2025-08-15 20:51:26,632 [13] INFO fourtitudeAsia.Controllers.TransactionController - 
Incoming SubmitTransaction request: {"PartnerKey":"FAKEGOOGLE","PartnerRefNo":"FG-00001","PartnerPassword":"fKgY2QcxR2dtAVdKA28o2dEvErqFfQCILoNzhKq0bWY=","TotalAmount":1000,"Items":[{"PartnerItemRef":"i-00001","Name":"Pen","Qty":4,"UnitPrice":200},{"PartnerItemRef":"i-00002","Name":"Ruler","Qty":2,"UnitPrice":100}],"Timestamp":"2025-08-15T20:30:22.0000000Z","Sig":"YmYzZTRlMDcyZGQwNzk2NjM4OTg2NmJmNzczMWUwMmRiNjdjNGY1NTZkZDRkMzEzNjUxZmFkMWMzZDNjNTBmMg=="}
2025-08-15 20:51:26,658 [13] WARN fourtitudeAsia.Controllers.TransactionController - Timestamp validation failed. Server UTC Time: 2025-08-15T20:51:26.6559377Z, Provided Time: 2025-08-15T20:30:22.0000000Z, Allowed Range: ±5 minutes.
2025-08-15 20:52:21,316 [11] INFO fourtitudeAsia.Controllers.TransactionController - 
Incoming SubmitTransaction request: {"PartnerKey":"FAKEGOOGLE","PartnerRefNo":"FG-00001","PartnerPassword":"fKgY2QcxR2dtAVdKA28o2dEvErqFfQCILoNzhKq0bWY=","TotalAmount":1000,"Items":[{"PartnerItemRef":"i-00001","Name":"Pen","Qty":4,"UnitPrice":200},{"PartnerItemRef":"i-00002","Name":"Ruler","Qty":2,"UnitPrice":100}],"Timestamp":"2025-08-15T20:30:22.0000000Z","Sig":"YmYzZTRlMDcyZGQwNzk2NjM4OTg2NmJmNzczMWUwMmRiNjdjNGY1NTZkZDRkMzEzNjUxZmFkMWMzZDNjNTBmMg=="}
2025-08-15 20:52:21,333 [11] WARN fourtitudeAsia.Controllers.TransactionController - Timestamp validation failed. Server UTC Time: 2025-08-15T20:52:21.3305660Z, Provided Time: 2025-08-15T20:30:22.0000000Z, Allowed Range: ±5 minutes.
2025-08-15 20:56:37,419 [13] INFO fourtitudeAsia.Controllers.TransactionController - 
Incoming SubmitTransaction request: {"PartnerKey":"FAKEGOOGLE","PartnerRefNo":"FG-00001","PartnerPassword":"fKgY2QcxR2dtAVdKA28o2dEvErqFfQCILoNzhKq0bWY=","TotalAmount":1000,"Items":[{"PartnerItemRef":"i-00001","Name":"Pen","Qty":4,"UnitPrice":200},{"PartnerItemRef":"i-00002","Name":"Ruler","Qty":2,"UnitPrice":100}],"Timestamp":"2025-08-15T20:30:22.0000000Z","Sig":"YmYzZTRlMDcyZGQwNzk2NjM4OTg2NmJmNzczMWUwMmRiNjdjNGY1NTZkZDRkMzEzNjUxZmFkMWMzZDNjNTBmMg=="}
2025-08-15 20:56:37,437 [13] WARN fourtitudeAsia.Controllers.TransactionController - Timestamp validation failed. Server UTC Time: 2025-08-15T20:56:37.4345156Z, Provided Time: 2025-08-15T20:30:22.0000000Z, Allowed Range: ±5 minutes.
